SQL> @countstatsTSTZ
.                                                                               
Amount of TSTZ data using num_rows stats info in DBA_TABLES.                    
.                                                                               
For SYS tables first...                                                         
Note: empty tables are not listed.                                              
Stat date  - Owner.Tablename.Columnname - num_rows                              
24/08/2013 - SYS.AQ$_ALERT_QT_S.CREATION_TIME - 3                               
24/08/2013 - SYS.AQ$_ALERT_QT_S.DELETION_TIME - 3                               
24/08/2013 - SYS.AQ$_ALERT_QT_S.MODIFICATION_TIME - 3                           
24/08/2013 - SYS.AQ$_AQ$_MEM_MC_S.CREATION_TIME - 3                             
24/08/2013 - SYS.AQ$_AQ$_MEM_MC_S.DELETION_TIME - 3                             
24/08/2013 - SYS.AQ$_AQ$_MEM_MC_S.MODIFICATION_TIME - 3                         
24/08/2013 - SYS.AQ$_AQ_PROP_TABLE_S.CREATION_TIME - 1                          
24/08/2013 - SYS.AQ$_AQ_PROP_TABLE_S.DELETION_TIME - 1                          
24/08/2013 - SYS.AQ$_AQ_PROP_TABLE_S.MODIFICATION_TIME - 1                      
14/02/2017 - SYS.AQ$_KUPC$DATAPUMP_QUETAB_S.CREATION_TIME - 1                   
14/02/2017 - SYS.AQ$_KUPC$DATAPUMP_QUETAB_S.DELETION_TIME - 1                   
14/02/2017 - SYS.AQ$_KUPC$DATAPUMP_QUETAB_S.MODIFICATION_TIME - 1               
14/02/2017 - SYS.AQ$_SCHEDULER$_EVENT_QTAB_S.CREATION_TIME - 3                  
14/02/2017 - SYS.AQ$_SCHEDULER$_EVENT_QTAB_S.DELETION_TIME - 3                  
14/02/2017 - SYS.AQ$_SCHEDULER$_EVENT_QTAB_S.MODIFICATION_TIME - 3              
24/08/2013 - SYS.AQ$_SCHEDULER$_REMDB_JOBQTAB_S.CREATION_TIME - 1               
24/08/2013 - SYS.AQ$_SCHEDULER$_REMDB_JOBQTAB_S.DELETION_TIME - 1               
24/08/2013 - SYS.AQ$_SCHEDULER$_REMDB_JOBQTAB_S.MODIFICATION_TIME - 1           
14/02/2017 - SYS.AQ$_SCHEDULER_FILEWATCHER_QT_S.CREATION_TIME - 1               
14/02/2017 - SYS.AQ$_SCHEDULER_FILEWATCHER_QT_S.DELETION_TIME - 1               
14/02/2017 - SYS.AQ$_SCHEDULER_FILEWATCHER_QT_S.MODIFICATION_TIME - 1           
14/02/2017 - SYS.AQ$_SUBSCRIBER_TABLE.CREATION_TIME - 1                         
14/02/2017 - SYS.AQ$_SUBSCRIBER_TABLE.DELETION_TIME - 1                         
14/02/2017 - SYS.AQ$_SUBSCRIBER_TABLE.MODIFICATION_TIME - 1                     
14/02/2017 - SYS.AQ$_SYS$SERVICE_METRICS_TAB_S.CREATION_TIME - 3                
14/02/2017 - SYS.AQ$_SYS$SERVICE_METRICS_TAB_S.DELETION_TIME - 3                
14/02/2017 - SYS.AQ$_SYS$SERVICE_METRICS_TAB_S.MODIFICATION_TIME - 3            
14/02/2017 - SYS.KET$_AUTOTASK_STATUS.ABA_START_TIME - 1                        
14/02/2017 - SYS.KET$_AUTOTASK_STATUS.ABA_STATE_TIME - 1                        
14/02/2017 - SYS.KET$_AUTOTASK_STATUS.MW_RECORD_TIME - 1                        
14/02/2017 - SYS.KET$_AUTOTASK_STATUS.MW_START_TIME - 1                         
14/02/2017 - SYS.KET$_AUTOTASK_STATUS.RECONCILE_TIME - 1                        
14/02/2017 - SYS.KET$_CLIENT_CONFIG.FIELD_2 - 7                                 
14/02/2017 - SYS.KET$_CLIENT_CONFIG.LAST_CHANGE - 7                             
14/02/2017 - SYS.KET$_CLIENT_TASKS.CURR_WIN_START - 3                           
14/02/2017 - SYS.KET$_CLIENT_TASKS.LG_DATE - 3                                  
14/02/2017 - SYS.KET$_CLIENT_TASKS.LT_DATE - 3                                  
14/02/2017 - SYS.OPTSTAT_HIST_CONTROL$.SPARE6 - 31                              
14/02/2017 - SYS.OPTSTAT_HIST_CONTROL$.SVAL2 - 31                               
14/02/2017 - SYS.RADM_FPTM$.TSWTZ_COL - 1                                       
14/02/2017 - SYS.REG$.NTFN_GROUPING_START_TIME - 1                              
14/02/2017 - SYS.REG$.REG_TIME - 1                                              
14/02/2017 - SYS.SCHEDULER$_EVENT_LOG.LOG_DATE - 63                             
14/02/2017 - SYS.SCHEDULER$_GLOBAL_ATTRIBUTE.ATTR_TSTAMP - 11                   
14/02/2017 - SYS.SCHEDULER$_JOB.END_DATE - 26                                   
14/02/2017 - SYS.SCHEDULER$_JOB.LAST_ENABLED_TIME - 26                          
14/02/2017 - SYS.SCHEDULER$_JOB.LAST_END_DATE - 26                              
14/02/2017 - SYS.SCHEDULER$_JOB.LAST_START_DATE - 26                            
14/02/2017 - SYS.SCHEDULER$_JOB.NEXT_RUN_DATE - 26                              
14/02/2017 - SYS.SCHEDULER$_JOB.START_DATE - 26                                 
14/02/2017 - SYS.SCHEDULER$_JOB_RUN_DETAILS.LOG_DATE - 40                       
14/02/2017 - SYS.SCHEDULER$_JOB_RUN_DETAILS.REQ_START_DATE - 40                 
14/02/2017 - SYS.SCHEDULER$_JOB_RUN_DETAILS.START_DATE - 40                     
14/02/2017 - SYS.SCHEDULER$_SCHEDULE.END_DATE - 4                               
14/02/2017 - SYS.SCHEDULER$_SCHEDULE.REFERENCE_DATE - 4                         
14/02/2017 - SYS.SCHEDULER$_WINDOW.ACTUAL_START_DATE - 9                        
14/02/2017 - SYS.SCHEDULER$_WINDOW.END_DATE - 9                                 
14/02/2017 - SYS.SCHEDULER$_WINDOW.LAST_START_DATE - 9                          
14/02/2017 - SYS.SCHEDULER$_WINDOW.MANUAL_OPEN_TIME - 9                         
14/02/2017 - SYS.SCHEDULER$_WINDOW.NEXT_START_DATE - 9                          
14/02/2017 - SYS.SCHEDULER$_WINDOW.START_DATE - 9                               
14/02/2017 - SYS.STATS_TARGET$.END_TIME - 1301                                  
14/02/2017 - SYS.STATS_TARGET$.START_TIME - 1301                                
14/02/2017 - SYS.WRI$_ALERT_HISTORY.CREATION_TIME - 29                          
14/02/2017 - SYS.WRI$_ALERT_HISTORY.TIME_SUGGESTED - 29                         
14/02/2017 - SYS.WRI$_OPTSTAT_HISTGRM_HISTORY.SAVTIME - 5118                    
14/02/2017 - SYS.WRI$_OPTSTAT_HISTGRM_HISTORY.SPARE6 - 5118                     
14/02/2017 - SYS.WRI$_OPTSTAT_HISTHEAD_HISTORY.SAVTIME - 38016                  
14/02/2017 - SYS.WRI$_OPTSTAT_HISTHEAD_HISTORY.SPARE6 - 38016                   
14/02/2017 - SYS.WRI$_OPTSTAT_IND_HISTORY.SAVTIME - 3027                        
14/02/2017 - SYS.WRI$_OPTSTAT_IND_HISTORY.SPARE6 - 3027                         
14/02/2017 - SYS.WRI$_OPTSTAT_OPR.END_TIME - 91                                 
14/02/2017 - SYS.WRI$_OPTSTAT_OPR.SPARE6 - 91                                   
14/02/2017 - SYS.WRI$_OPTSTAT_OPR.START_TIME - 91                               
14/02/2017 - SYS.WRI$_OPTSTAT_OPR_TASKS.END_TIME - 3760                         
14/02/2017 - SYS.WRI$_OPTSTAT_OPR_TASKS.SPARE6 - 3760                           
14/02/2017 - SYS.WRI$_OPTSTAT_OPR_TASKS.START_TIME - 3760                       
14/02/2017 - SYS.WRI$_OPTSTAT_TAB_HISTORY.SAVTIME - 2706                        
14/02/2017 - SYS.WRI$_OPTSTAT_TAB_HISTORY.SPARE6 - 2706                         
14/02/2017 - SYS.XS$PRIN.END_DATE - 14                                          
14/02/2017 - SYS.XS$PRIN.START_DATE - 14                                        
Total numrow of SYS TSTZ columns is : 112531                                    
There are in total 145 non-SYS TSTZ columns.                                    
.                                                                               
For non-SYS tables ...                                                          
Note: empty tables are not listed.                                              
Stat date  - Owner.Tablename.Columnname - num_rows                              
14/02/2017 - GSMADMIN_INTERNAL.AQ$_CHANGE_LOG_QUEUE_TABLE_S.CREATION_TIME - 1   
14/02/2017 - GSMADMIN_INTERNAL.AQ$_CHANGE_LOG_QUEUE_TABLE_S.DELETION_TIME - 1   
14/02/2017 - GSMADMIN_INTERNAL.AQ$_CHANGE_LOG_QUEUE_TABLE_S.MODIFICATION_TIME - 
1                                                                               
14/02/2017 - WMSYS.AQ$_WM$EVENT_QUEUE_TABLE_S.CREATION_TIME - 1                 
14/02/2017 - WMSYS.AQ$_WM$EVENT_QUEUE_TABLE_S.DELETION_TIME - 1                 
14/02/2017 - WMSYS.AQ$_WM$EVENT_QUEUE_TABLE_S.MODIFICATION_TIME - 1             
14/02/2017 - WMSYS.WM$WORKSPACES_TABLE$.CREATETIME - 1                          
14/02/2017 - WMSYS.WM$WORKSPACES_TABLE$.LAST_CHANGE - 1                         
Total numrow of non-SYS TSTZ columns is : 8                                     
There are in total 22 non-SYS TSTZ columns.                                     
Total Minutes elapsed : 0                                                       
SQL> spool off
